Archive member included to satisfy reference by file (symbol)

/opt/riscv/lib/gcc/riscv32-unknown-elf/12.2.0/libgcc.a(muldi3.o)
                              /tmp/ccCLUyh4.o (__mulsi3)
/opt/riscv/lib/gcc/riscv32-unknown-elf/12.2.0/../../../../riscv32-unknown-elf/lib/libc.a(lib_a-errno.o)
                              /tmp/ccPyFzt3.o (__errno)
/opt/riscv/lib/gcc/riscv32-unknown-elf/12.2.0/../../../../riscv32-unknown-elf/lib/libc.a(lib_a-impure.o)
                              /opt/riscv/lib/gcc/riscv32-unknown-elf/12.2.0/../../../../riscv32-unknown-elf/lib/libc.a(lib_a-errno.o) (_impure_ptr)
/opt/riscv/lib/gcc/riscv32-unknown-elf/12.2.0/../../../../riscv32-unknown-elf/lib/libc.a(lib_a-setjmp.o)
                              /tmp/ccE6ROW6.o (setjmp)

Discarded input sections

 .llvm_addrsig  0x0000000000000000        0x0 riscv-gt.o

Memory Configuration

Name             Origin             Length             Attributes
ROM              0x0000000000000000 0x0000000000008000 xr
RAM              0x0000000020000000 0x0000000000008000 xrw
*default*        0x0000000000000000 0xffffffffffffffff

Linker script and memory map

LOAD /tmp/ccQaypw6.o
LOAD /tmp/cc4qTCA7.o
LOAD riscv-gt.o
LOAD /tmp/ccPyFzt3.o
LOAD /tmp/ccE6ROW6.o
LOAD /tmp/ccZC6bq4.o
LOAD /tmp/ccHZ1Es7.o
LOAD /tmp/ccCLUyh4.o
LOAD /tmp/ccBXqcp7.o
LOAD /opt/riscv/lib/gcc/riscv32-unknown-elf/12.2.0/libgcc.a
START GROUP
LOAD /opt/riscv/lib/gcc/riscv32-unknown-elf/12.2.0/../../../../riscv32-unknown-elf/lib/libc.a
END GROUP
LOAD /opt/riscv/lib/gcc/riscv32-unknown-elf/12.2.0/libgcc.a
START GROUP
LOAD /opt/riscv/lib/gcc/riscv32-unknown-elf/12.2.0/libgcc.a
LOAD /opt/riscv/lib/gcc/riscv32-unknown-elf/12.2.0/../../../../riscv32-unknown-elf/lib/libc.a
LOAD /opt/riscv/lib/gcc/riscv32-unknown-elf/12.2.0/../../../../riscv32-unknown-elf/lib/libnosys.a
END GROUP
                0x0000000000000000                ISPM_START = 0x0
                0x0000000000008000                ISPM_END = 0x8000
                0x0000000000001000                ISPM_APP_START = 0x1000
                0x0000000020000000                DSPM_START = 0x20000000
                0x0000000000001000                DSPM_APP_START = 0x1000
                0x0000000020008000                DSPM_END = 0x20008000
                0x0000000000000018                DSPM_SIZE_KB = 0x18
                0x0000000040000000                BUS_START = 0x40000000
                0x0000000040000400                BUS_END = 0x40000400

.text           0x0000000000000000     0x2558
 *(.isr_vector)
 *(.text*)
 .text          0x0000000000000000       0x34 /tmp/ccQaypw6.o
                0x0000000000000000                _start
 .text          0x0000000000000034      0x340 /tmp/cc4qTCA7.o
                0x0000000000000034                malloc
                0x0000000000000068                calloc
                0x00000000000000a4                realloc
                0x00000000000000e0                free
                0x0000000000000110                Reset_Handler
 .text          0x0000000000000374       0x84 riscv-gt.o
                0x0000000000000374                add
                0x0000000000000398                main
 .text          0x00000000000003f8      0x28c /tmp/ccPyFzt3.o
                0x0000000000000420                _close
                0x000000000000045c                _exit
                0x0000000000000478                _fstat
                0x00000000000004b8                _getpid
                0x00000000000004f0                _isatty
                0x000000000000052c                _kill
                0x000000000000056c                _lseek
                0x00000000000005b0                _read
                0x00000000000005f4                _sbrk
                0x0000000000000640                _write
 .text          0x0000000000000684      0xa68 /tmp/ccE6ROW6.o
                0x000000000000078c                slot_set
                0x0000000000000834                slot_set_hrtt
                0x00000000000008f8                slot_set_srtt
                0x0000000000000984                slot_disable
                0x0000000000000a10                tmode_get
                0x0000000000000a84                tmode_set
                0x0000000000000b14                tmode_active
                0x0000000000000ba0                tmode_sleep
                0x0000000000000c2c                thread_create
                0x0000000000000d18                thread_map
                0x0000000000000de4                thread_join
                0x0000000000000e50                thread_exit
                0x0000000000000ebc                thread_cancel
                0x0000000000000f04                thread_testcancel
                0x0000000000000f8c                worker_main
 .text          0x00000000000010ec      0x27c /tmp/ccZC6bq4.o
                0x00000000000011c0                hwlock_acquire
                0x00000000000011f8                hwlock_release
                0x0000000000001248                do_acquire
                0x00000000000012b8                lock_acquire
                0x00000000000012f8                lock_release
 .text          0x0000000000001368      0x354 /tmp/ccHZ1Es7.o
                0x0000000000001418                cond_wait
                0x00000000000014a4                cond_timed_wait
                0x00000000000015a8                cond_signal
                0x0000000000001640                cond_broadcast
 .text          0x00000000000016bc      0xa40 /tmp/ccCLUyh4.o
                0x00000000000018ec                ta_init
                0x00000000000019e0                ta_free
                0x0000000000001d18                ta_alloc
                0x0000000000001dfc                ta_calloc
                0x0000000000001ec0                ta_num_free
                0x0000000000001ef8                ta_num_used
                0x0000000000001f30                ta_num_fresh
                0x0000000000001f68                ta_check
                0x0000000000002028                ta_realloc
 .text          0x00000000000020fc      0x358 /tmp/ccBXqcp7.o
                0x00000000000022f4                setup_exceptions
                0x0000000000002328                register_isr
                0x00000000000023b4                exception_on_expire
                0x00000000000023e0                interrupt_on_expire
                0x000000000000240c                enable_interrupts
                0x0000000000002430                disable_interrupts
 .text          0x0000000000002454       0x24 /opt/riscv/lib/gcc/riscv32-unknown-elf/12.2.0/libgcc.a(muldi3.o)
                0x0000000000002454                __mulsi3
 .text          0x0000000000002478        0x0 /opt/riscv/lib/gcc/riscv32-unknown-elf/12.2.0/../../../../riscv32-unknown-elf/lib/libc.a(lib_a-errno.o)
 .text.__errno  0x0000000000002478        0x8 /opt/riscv/lib/gcc/riscv32-unknown-elf/12.2.0/../../../../riscv32-unknown-elf/lib/libc.a(lib_a-errno.o)
                0x0000000000002478                __errno
 .text          0x0000000000002480        0x0 /opt/riscv/lib/gcc/riscv32-unknown-elf/12.2.0/../../../../riscv32-unknown-elf/lib/libc.a(lib_a-impure.o)
 .text          0x0000000000002480       0x84 /opt/riscv/lib/gcc/riscv32-unknown-elf/12.2.0/../../../../riscv32-unknown-elf/lib/libc.a(lib_a-setjmp.o)
                0x0000000000002480                setjmp
                0x00000000000024c0                longjmp
 *(.eh_frame*)
 .eh_frame      0x0000000000002504       0x54 riscv-gt.o
                0x0000000000002558                . = ALIGN (0x4)
                0x0000000000002558                __etext = .

.rela.dyn       0x0000000000002558        0x0
 .rela.text     0x0000000000002558        0x0 /tmp/ccQaypw6.o

.data           0x0000000020000000      0x428 load address 0x0000000000002558
                0x0000000020000000                __data_start__ = .
 *(.data .data.*)
 .data          0x0000000020000000        0x0 /tmp/ccQaypw6.o
 .data          0x0000000020000000        0x0 /tmp/cc4qTCA7.o
 .data          0x0000000020000000        0x0 /tmp/ccPyFzt3.o
 .data          0x0000000020000000        0x0 /tmp/ccE6ROW6.o
 .data          0x0000000020000000        0x0 /tmp/ccZC6bq4.o
 .data          0x0000000020000000        0x0 /tmp/ccHZ1Es7.o
 .data          0x0000000020000000        0x0 /tmp/ccCLUyh4.o
 .data          0x0000000020000000        0x0 /tmp/ccBXqcp7.o
 .data          0x0000000020000000        0x0 /opt/riscv/lib/gcc/riscv32-unknown-elf/12.2.0/libgcc.a(muldi3.o)
 .data          0x0000000020000000        0x0 /opt/riscv/lib/gcc/riscv32-unknown-elf/12.2.0/../../../../riscv32-unknown-elf/lib/libc.a(lib_a-errno.o)
 .data          0x0000000020000000        0x0 /opt/riscv/lib/gcc/riscv32-unknown-elf/12.2.0/../../../../riscv32-unknown-elf/lib/libc.a(lib_a-impure.o)
 .data.impure_data
                0x0000000020000000      0x428 /opt/riscv/lib/gcc/riscv32-unknown-elf/12.2.0/../../../../riscv32-unknown-elf/lib/libc.a(lib_a-impure.o)
 .data          0x0000000020000428        0x0 /opt/riscv/lib/gcc/riscv32-unknown-elf/12.2.0/../../../../riscv32-unknown-elf/lib/libc.a(lib_a-setjmp.o)
 *(.rodata .rodata*)
 *(.gnu.linkonce.d.*)

.sdata          0x0000000020000428       0x10 load address 0x0000000000002980
                0x0000000020000428                . = ALIGN (0x4)
                0x0000000020000c28                PROVIDE (__global_pointer$ = (. + 0x800))
 *(.sdata .sdata.* .sdata2.*)
 .sdata         0x0000000020000428        0x8 /tmp/cc4qTCA7.o
                0x0000000020000428                _lock
 .sdata._impure_ptr
                0x0000000020000430        0x4 /opt/riscv/lib/gcc/riscv32-unknown-elf/12.2.0/../../../../riscv32-unknown-elf/lib/libc.a(lib_a-impure.o)
                0x0000000020000430                _impure_ptr
 *(.srodata .srodata.*)
 .srodata._global_impure_ptr
                0x0000000020000434        0x4 /opt/riscv/lib/gcc/riscv32-unknown-elf/12.2.0/../../../../riscv32-unknown-elf/lib/libc.a(lib_a-impure.o)
                0x0000000020000434                _global_impure_ptr
 *(.gnu.linkonce.s.*)
                0x0000000020000438                . = ALIGN (0x4)
                0x0000000020000438                __data_end__ = .

.bss            0x0000000020000438      0x524 load address 0x0000000000002990
                0x0000000020000438                __bss_start__ = .
 *(.bss)
 .bss           0x0000000020000438        0x0 /tmp/ccQaypw6.o
 .bss           0x0000000020000438        0x1 /tmp/cc4qTCA7.o
 *fill*         0x0000000020000439        0x3 
 .bss           0x000000002000043c        0x4 /tmp/ccPyFzt3.o
 .bss           0x0000000020000440      0x4fc /tmp/ccE6ROW6.o
 .bss           0x000000002000093c        0x0 /tmp/ccZC6bq4.o
 .bss           0x000000002000093c        0x0 /tmp/ccHZ1Es7.o
 .bss           0x000000002000093c       0x14 /tmp/ccCLUyh4.o
 .bss           0x0000000020000950        0xc /tmp/ccBXqcp7.o
 .bss           0x000000002000095c        0x0 /opt/riscv/lib/gcc/riscv32-unknown-elf/12.2.0/libgcc.a(muldi3.o)
 .bss           0x000000002000095c        0x0 /opt/riscv/lib/gcc/riscv32-unknown-elf/12.2.0/../../../../riscv32-unknown-elf/lib/libc.a(lib_a-errno.o)
 .bss           0x000000002000095c        0x0 /opt/riscv/lib/gcc/riscv32-unknown-elf/12.2.0/../../../../riscv32-unknown-elf/lib/libc.a(lib_a-impure.o)
 .bss           0x000000002000095c        0x0 /opt/riscv/lib/gcc/riscv32-unknown-elf/12.2.0/../../../../riscv32-unknown-elf/lib/libc.a(lib_a-setjmp.o)
 *(.bss.*)
 *(.gnu.linkonce.b.*)

.sbss           0x000000002000095c        0xc load address 0x0000000000002990
 *(.sbss)
 .sbss          0x000000002000095c        0xc /tmp/ccE6ROW6.o
                0x000000002000095c                exit_requested
                0x0000000020000960                num_threads_busy
                0x0000000020000964                num_threads_exited
 *(.sbss.*)
                0x0000000020000968                . = ALIGN (0x4)
                0x0000000020000968                __bss_end__ = .
                0x0000000020000968                end = .
OUTPUT(riscv-gt.riscv elf32-littleriscv)

.riscv.attributes
                0x0000000000000000       0x39
 .riscv.attributes
                0x0000000000000000       0x1e /tmp/ccQaypw6.o
 .riscv.attributes
                0x000000000000001e       0x20 /tmp/cc4qTCA7.o
 .riscv.attributes
                0x000000000000003e       0x35 riscv-gt.o
 .riscv.attributes
                0x0000000000000073       0x20 /tmp/ccPyFzt3.o
 .riscv.attributes
                0x0000000000000093       0x20 /tmp/ccE6ROW6.o
 .riscv.attributes
                0x00000000000000b3       0x20 /tmp/ccZC6bq4.o
 .riscv.attributes
                0x00000000000000d3       0x20 /tmp/ccHZ1Es7.o
 .riscv.attributes
                0x00000000000000f3       0x1c /tmp/ccCLUyh4.o
 .riscv.attributes
                0x000000000000010f       0x20 /tmp/ccBXqcp7.o
 .riscv.attributes
                0x000000000000012f       0x1a /opt/riscv/lib/gcc/riscv32-unknown-elf/12.2.0/libgcc.a(muldi3.o)
 .riscv.attributes
                0x0000000000000149       0x1c /opt/riscv/lib/gcc/riscv32-unknown-elf/12.2.0/../../../../riscv32-unknown-elf/lib/libc.a(lib_a-errno.o)
 .riscv.attributes
                0x0000000000000165       0x1c /opt/riscv/lib/gcc/riscv32-unknown-elf/12.2.0/../../../../riscv32-unknown-elf/lib/libc.a(lib_a-impure.o)
 .riscv.attributes
                0x0000000000000181       0x1a /opt/riscv/lib/gcc/riscv32-unknown-elf/12.2.0/../../../../riscv32-unknown-elf/lib/libc.a(lib_a-setjmp.o)

.comment        0x0000000000000000       0x36
 .comment       0x0000000000000000        0xf /tmp/cc4qTCA7.o
                                         0x10 (size before relaxing)
 .comment       0x000000000000000f       0x15 riscv-gt.o
                                         0x16 (size before relaxing)
 .comment       0x0000000000000024       0x10 /tmp/ccPyFzt3.o
 .comment       0x0000000000000024       0x10 /tmp/ccE6ROW6.o
 .comment       0x0000000000000024       0x10 /tmp/ccZC6bq4.o
 .comment       0x0000000000000024       0x10 /tmp/ccHZ1Es7.o
 .comment       0x0000000000000024       0x10 /tmp/ccCLUyh4.o
 .comment       0x0000000000000024       0x10 /tmp/ccBXqcp7.o
 .comment       0x0000000000000024       0x12 /opt/riscv/lib/gcc/riscv32-unknown-elf/12.2.0/../../../../riscv32-unknown-elf/lib/libc.a(lib_a-errno.o)
                                         0x13 (size before relaxing)
 .comment       0x0000000000000036       0x13 /opt/riscv/lib/gcc/riscv32-unknown-elf/12.2.0/../../../../riscv32-unknown-elf/lib/libc.a(lib_a-impure.o)

.note.GNU-stack
                0x0000000000000000        0x0
 .note.GNU-stack
                0x0000000000000000        0x0 riscv-gt.o

.debug_line     0x0000000000000000     0x1ff6
 .debug_line    0x0000000000000000       0x68 /tmp/ccQaypw6.o
 .debug_line    0x0000000000000068      0x35e /tmp/cc4qTCA7.o
 .debug_line    0x00000000000003c6      0x22e /tmp/ccPyFzt3.o
 .debug_line    0x00000000000005f4      0x826 /tmp/ccE6ROW6.o
 .debug_line    0x0000000000000e1a      0x1fe /tmp/ccZC6bq4.o
 .debug_line    0x0000000000001018      0x2b8 /tmp/ccHZ1Es7.o
 .debug_line    0x00000000000012d0      0x9ce /tmp/ccCLUyh4.o
 .debug_line    0x0000000000001c9e      0x2de /tmp/ccBXqcp7.o
 .debug_line    0x0000000000001f7c       0x7a /opt/riscv/lib/gcc/riscv32-unknown-elf/12.2.0/libgcc.a(muldi3.o)

.debug_line_str
                0x0000000000000000      0x496
 .debug_line_str
                0x0000000000000000       0x71 /tmp/ccQaypw6.o
 .debug_line_str
                0x0000000000000071      0x1a1 /tmp/cc4qTCA7.o
                                        0x25b (size before relaxing)
 .debug_line_str
                0x0000000000000212       0x6b /tmp/ccPyFzt3.o
                                        0x1d7 (size before relaxing)
 .debug_line_str
                0x000000000000027d       0x6e /tmp/ccE6ROW6.o
                                        0x211 (size before relaxing)
 .debug_line_str
                0x00000000000002eb       0x3c /tmp/ccZC6bq4.o
                                        0x1c9 (size before relaxing)
 .debug_line_str
                0x0000000000000327       0x6d /tmp/ccHZ1Es7.o
                                        0x1ec (size before relaxing)
 .debug_line_str
                0x0000000000000394       0x42 /tmp/ccCLUyh4.o
                                        0x1be (size before relaxing)
 .debug_line_str
                0x00000000000003d6       0x42 /tmp/ccBXqcp7.o
                                        0x1e1 (size before relaxing)
 .debug_line_str
                0x0000000000000418       0x7e /opt/riscv/lib/gcc/riscv32-unknown-elf/12.2.0/libgcc.a(muldi3.o)

.debug_info     0x0000000000000000     0x1fe1
 .debug_info    0x0000000000000000       0x24 /tmp/ccQaypw6.o
 .debug_info    0x0000000000000024      0x4f8 /tmp/cc4qTCA7.o
 .debug_info    0x000000000000051c      0x4b8 /tmp/ccPyFzt3.o
 .debug_info    0x00000000000009d4      0x7c9 /tmp/ccE6ROW6.o
 .debug_info    0x000000000000119d      0x207 /tmp/ccZC6bq4.o
 .debug_info    0x00000000000013a4      0x37f /tmp/ccHZ1Es7.o
 .debug_info    0x0000000000001723      0x60f /tmp/ccCLUyh4.o
 .debug_info    0x0000000000001d32      0x280 /tmp/ccBXqcp7.o
 .debug_info    0x0000000000001fb2       0x2f /opt/riscv/lib/gcc/riscv32-unknown-elf/12.2.0/libgcc.a(muldi3.o)

.debug_abbrev   0x0000000000000000      0xbeb
 .debug_abbrev  0x0000000000000000       0x14 /tmp/ccQaypw6.o
 .debug_abbrev  0x0000000000000014      0x214 /tmp/cc4qTCA7.o
 .debug_abbrev  0x0000000000000228      0x168 /tmp/ccPyFzt3.o
 .debug_abbrev  0x0000000000000390      0x250 /tmp/ccE6ROW6.o
 .debug_abbrev  0x00000000000005e0      0x13a /tmp/ccZC6bq4.o
 .debug_abbrev  0x000000000000071a      0x136 /tmp/ccHZ1Es7.o
 .debug_abbrev  0x0000000000000850      0x22c /tmp/ccCLUyh4.o
 .debug_abbrev  0x0000000000000a7c      0x14e /tmp/ccBXqcp7.o
 .debug_abbrev  0x0000000000000bca       0x21 /opt/riscv/lib/gcc/riscv32-unknown-elf/12.2.0/libgcc.a(muldi3.o)

.debug_aranges  0x0000000000000000      0x120
 .debug_aranges
                0x0000000000000000       0x20 /tmp/ccQaypw6.o
 .debug_aranges
                0x0000000000000020       0x20 /tmp/cc4qTCA7.o
 .debug_aranges
                0x0000000000000040       0x20 /tmp/ccPyFzt3.o
 .debug_aranges
                0x0000000000000060       0x20 /tmp/ccE6ROW6.o
 .debug_aranges
                0x0000000000000080       0x20 /tmp/ccZC6bq4.o
 .debug_aranges
                0x00000000000000a0       0x20 /tmp/ccHZ1Es7.o
 .debug_aranges
                0x00000000000000c0       0x20 /tmp/ccCLUyh4.o
 .debug_aranges
                0x00000000000000e0       0x20 /tmp/ccBXqcp7.o
 .debug_aranges
                0x0000000000000100       0x20 /opt/riscv/lib/gcc/riscv32-unknown-elf/12.2.0/libgcc.a(muldi3.o)

.debug_str      0x0000000000000000      0x914
 .debug_str     0x0000000000000000       0x7d /tmp/ccQaypw6.o
 .debug_str     0x000000000000007d      0x284 /tmp/cc4qTCA7.o
                                        0x2f1 (size before relaxing)
 .debug_str     0x0000000000000301      0x15e /tmp/ccPyFzt3.o
                                        0x2ac (size before relaxing)
 .debug_str     0x000000000000045f      0x152 /tmp/ccE6ROW6.o
                                        0x340 (size before relaxing)
 .debug_str     0x00000000000005b1        0xb /tmp/ccZC6bq4.o
                                        0x165 (size before relaxing)
 .debug_str     0x00000000000005bc       0xc2 /tmp/ccHZ1Es7.o
                                        0x1f5 (size before relaxing)
 .debug_str     0x000000000000067e      0x140 /tmp/ccCLUyh4.o
                                        0x2a1 (size before relaxing)
 .debug_str     0x00000000000007be       0xcf /tmp/ccBXqcp7.o
                                        0x1ed (size before relaxing)
 .debug_str     0x000000000000088d       0x87 /opt/riscv/lib/gcc/riscv32-unknown-elf/12.2.0/libgcc.a(muldi3.o)
                                         0x93 (size before relaxing)

.debug_frame    0x0000000000000000      0xb64
 .debug_frame   0x0000000000000000       0xcc /tmp/cc4qTCA7.o
 .debug_frame   0x00000000000000cc      0x1b4 /tmp/ccPyFzt3.o
 .debug_frame   0x0000000000000280      0x2c8 /tmp/ccE6ROW6.o
 .debug_frame   0x0000000000000548      0x120 /tmp/ccZC6bq4.o
 .debug_frame   0x0000000000000668       0xd8 /tmp/ccHZ1Es7.o
 .debug_frame   0x0000000000000740      0x27c /tmp/ccCLUyh4.o
 .debug_frame   0x00000000000009bc      0x1a8 /tmp/ccBXqcp7.o
